wabuor@SEMoringa:~/Development/code/projects/phase-2/pars$ git branch
* WinnieAbuor
  main
wabuor@SEMoringa:~/Development/code/projects/phase-2/pars$ git status
On branch WinnieAbuor
nothing to commit, working tree clean
wabuor@SEMoringa:~/Development/code/projects/phase-2/pars$ git switch main
Switched to branch 'main'
wabuor@SEMoringa:~/Development/code/projects/phase-2/pars$ git pull main
fatal: 'main' does not appear to be a git repository
fatal: Could not read from remote repository.

Please make sure you have the correct access rights
and the repository exists.
wabuor@SEMoringa:~/Development/code/projects/phase-2/pars$ git pull origin main
remote: Enumerating objects: 11, done.
remote: Counting objects: 100% (6/6), done.
remote: Total 11 (delta 5), reused 5 (delta 5), pack-reused 5
Unpacking objects: 100% (11/11), 1.74 KiB | 148.00 KiB/s, done.
From github.com:McNaughty/pars-phase2-project
 * branch              main       -> FETCH_HEAD
 * [new branch]        main       -> origin/main
hint: You have divergent branches and need to specify how to reconcile them.
hint: You can do so by running one of the following commands sometime before
hint: your next pull:
hint: 
hint:   git config pull.rebase false  # merge
hint:   git config pull.rebase true   # rebase
hint:   git config pull.ff only       # fast-forward only
hint: 
hint: You can replace "git config" with "git config --global" to set a default
hint: preference for all repositories. You can also pass --rebase, --no-rebase,
hint: or --ff-only on the command line to override the configured default per
hint: invocation.
fatal: Need to specify how to reconcile divergent branches.
wabuor@SEMoringa:~/Development/code/projects/phase-2/pars$ git config pull.rebase false
wabuor@SEMoringa:~/Development/code/projects/phase-2/pars$ git pull origin main
From github.com:McNaughty/pars-phase2-project
 * branch              main       -> FETCH_HEAD
fatal: refusing to merge unrelated histories
wabuor@SEMoringa:~/Development/code/projects/phase-2/pars$ git pull origin main --force
From github.com:McNaughty/pars-phase2-project
 * branch              main       -> FETCH_HEAD
fatal: refusing to merge unrelated histories
wabuor@SEMoringa:~/Development/code/projects/phase-2/pars$ git pull origin main --allow-unrelated-histories
From github.com:McNaughty/pars-phase2-project
 * branch              main       -> FETCH_HEAD
Auto-merging README.md
CONFLICT (add/add): Merge conflict in README.md
Auto-merging package-lock.json
CONFLICT (add/add): Merge conflict in package-lock.json
Auto-merging package.json
CONFLICT (add/add): Merge conflict in package.json
Auto-merging src/index.css
CONFLICT (add/add): Merge conflict in src/index.css
Auto-merging src/index.js
CONFLICT (add/add): Merge conflict in src/index.js
Automatic merge failed; fix conflicts and then commit the result.
wabuor@SEMoringa:~/Development/code/projects/phase-2/pars$ code .
wabuor@SEMoringa:~/Development/code/projects/phase-2/pars$ git status
On branch main
You have unmerged paths.
  (fix conflicts and run "git commit")
  (use "git merge --abort" to abort the merge)

Changes to be committed:
	new file:   .gitignore
	new file:   src/App.css
	new file:   src/App.js

Unmerged paths:
  (use "git add <file>..." to mark resolution)
	both added:      README.md
	both added:      package-lock.json
	both added:      package.json
	both added:      src/index.css
	both added:      src/index.js

wabuor@SEMoringa:~/Development/code/projects/phase-2/pars$ git add .
wabuor@SEMoringa:~/Development/code/projects/phase-2/pars$ git commit -m "Moving changes to main"
[main 8dd9f51b] Moving changes to main
wabuor@SEMoringa:~/Development/code/projects/phase-2/pars$ git merge WinnieAbuor
Already up-to-date.
wabuor@SEMoringa:~/Development/code/projects/phase-2/pars$ git log --all --graph
*   commit 8dd9f51b5a32fde50d6ae1d8d938e0b6923368fa (HEAD -> main)
|\  Merge: 9874f007 830433b6
| | Author: Winnie <wimacoj@gmail.com>
| | Date:   Thu Dec 14 19:38:15 2023 +0300
| | 
| |     Moving changes to main
| | 
| * commit 830433b677098aca8c25de0a91a72547930dbe34 (origin/main)
|   Author: Winnie <wimacoj@gmail.com>
|   Date:   Sat Dec 9 23:50:37 2023 +0300
|   
|       Initial repository creation
| 
* commit 9874f007849e0b0edf1d7dd90ebbf00f6c65934e (origin/WinnieAbuor, WinnieAbuor)
  Author: Winnie <wimacoj@gmail.com>
  Date:   Thu Dec 14 18:57:07 2023 +0300
  
      New Branch
wabuor@SEMoringa:~/Development/code/projects/phase-2/pars$ git switch WinnieAbuor
Switched to branch 'WinnieAbuor'
wabuor@SEMoringa:~/Development/code/projects/phase-2/pars$ git checkout -b backupWin
Switched to a new branch 'backupWin'
wabuor@SEMoringa:~/Development/code/projects/phase-2/pars$ git switch WinnieAbuor
Switched to branch 'WinnieAbuor'
wabuor@SEMoringa:~/Development/code/projects/phase-2/pars$ git merge main
Updating 9874f007..8dd9f51b
Fast-forward
 .gitignore        | 23 +++++++++++++++++++++++
 README.md         |  6 +++---
 package-lock.json | 57 +++++++++++++++++++++++++++++++++++++++++++++++++++++++++
 package.json      |  5 -----
 src/App.css       | 38 ++++++++++++++++++++++++++++++++++++++
 src/App.js        | 25 +++++++++++++++++++++++++
 src/index.css     |  2 --
 src/index.js      |  7 +------
 8 files changed, 147 insertions(+), 16 deletions(-)
 create mode 100644 .gitignore
 create mode 100644 src/App.css
 create mode 100644 src/App.js
wabuor@SEMoringa:~/Development/code/projects/phase-2/pars$ git push origin WinnieAbuor
Enumerating objects: 13, done.
Counting objects: 100% (13/13), done.
Delta compression using up to 2 threads
Compressing objects: 100% (5/5), done.
Writing objects: 100% (5/5), 1.19 KiB | 203.00 KiB/s, done.
Total 5 (delta 3), reused 0 (delta 0), pack-reused 0
remote: Resolving deltas: 100% (3/3), completed with 3 local objects.
To github.com:McNaughty/pars-phase2-project.git
   9874f007..8dd9f51b  WinnieAbuor -> WinnieAbuor
wabuor@SEMoringa:~/Development/code/projects/phase-2/pars$ 
